# Mapping file used to initialize com.stc.otd.runtime.CoderFactory.
# a - simple alias, k - known names, s - Single-byte coder, m - Multi-byte coder.
# Author: Michael Libourel
# Version: 

# The non-resource based coders.
k iso-8859-1
k ascii
k utf-8
k utf-8-strict
k utf-8-valid
k utf-8-strict-valid
k utf-16
k utf-16-little
k utf-16-valid
k utf-16-little-valid
k [jc]ISO2022JP
k [jc]Cp933
k [jc]Cp930
k [jc]TIS620
a latin-1 iso-8859-1

# From ISO, excluding Latin-1 (built-in).
s iso-8859-2
s iso-8859-3
s iso-8859-4
s iso-8859-5
s iso-8859-6
s iso-8859-7
s iso-8859-8
s iso-8859-9
s iso-8859-10
s iso-8859-11
s iso-8859-13
s iso-8859-14
s iso-8859-15
s iso-8859-16
a latin-9 iso-8859-15

# From Micro$oft.
s cp037
s cp424
s cp437
s cp500
s cp737
s cp775
s cp850
s cp852
s cp855
s cp856
s cp857
s cp860
s cp861
s cp862
s cp863
s cp864
s cp865
s cp866
s cp869
s cp874
s cp875
#m cp932
m cp932-hoya
m cp936
m cp949
m cp950
m euc-jp
m euc-kr
s cp1006
s cp1026
s cp1250
s cp1251
s cp1252
s cp1253
s cp1254
s cp1255
s cp1256
s cp1257
s cp1258
m sjis
a SJIS     sjis
a cp932    cp932-hoya
a ebcdic   cp037
a uhc      cp949
a GBK      cp936
a JIS      [jc]ISO2022JP
a EBCDIC-K [jc]Cp933
a EBCDIC-J [jc]Cp930
a Cp930    [jc]Cp930
a KSC5601  euc-kr
a EUC_JP   euc-jp
a EUC_KR   euc-kr
a MS874  cp874
a TIS620 [jc]TIS620

# Miscellaneous.
s koi8-r
s rot13
